// Jest Snapshot v1, https://goo.gl/fbAQLP

exports[`CalendarScreenStyles should match the snapshot 1`] = `
{
  "bottomNavBar": {
    "bottom": 0,
    "left": 0,
    "position": "absolute",
    "right": 0,
  },
  "calendarButton": {
    "backgroundColor": "#F0F0F0",
    "borderRadius": 10,
    "marginHorizontal": 5,
    "paddingHorizontal": 15,
    "paddingVertical": 10,
  },
  "calendarButtonText": {
    "color": "#000",
    "fontSize": 16,
  },
  "calendarListContainer": {
    "marginBottom": 10,
    "paddingHorizontal": 16,
  },
  "centeredDateContainer": {
    "alignItems": "center",
    "justifyContent": "center",
    "marginVertical": 10,
  },
  "centeredDateText": {
    "color": "#E6863C",
    "fontSize": 20,
    "fontWeight": "bold",
    "textAlign": "center",
  },
  "container": {
    "flex": 1,
    "marginTop": 10,
    "paddingBottom": 60,
    "paddingHorizontal": 16,
  },
  "dateText": {
    "color": "#E6863C",
    "fontSize": 20,
  },
  "dropdownButton": {
    "alignItems": "center",
    "backgroundColor": "#F0F0F0",
    "borderRadius": 8,
    "elevation": 5,
    "justifyContent": "center",
    "paddingHorizontal": 16,
    "paddingVertical": 14,
    "shadowColor": "#000",
    "shadowOffset": {
      "height": 2,
      "width": 0,
    },
    "shadowOpacity": 0.2,
    "shadowRadius": 4,
    "width": "100%",
  },
  "dropdownButtonText": {
    "color": "#000",
    "fontSize": 16,
    "fontWeight": "bold",
  },
  "dropdownContainer": {
    "marginBottom": 10,
    "marginHorizontal": 16,
  },
  "eventBox": {
    "backgroundColor": "#F5F5F5",
    "borderRadius": 10,
    "elevation": 3,
    "marginVertical": 10,
    "padding": 20,
  },
  "eventLocation": {
    "color": "#007AFF",
    "marginTop": 5,
  },
  "eventTime": {
    "color": "#862532",
    "marginTop": 5,
  },
  "eventTitle": {
    "color": "#000",
    "fontSize": 18,
    "fontWeight": "bold",
  },
  "googleIcon": {
    "backgroundColor": "#FFFFFF",
    "borderRadius": 20,
    "color": "#FFFFFF",
    "fontSize": 20,
    "fontWeight": "bold",
    "height": 30,
    "marginRight": 10,
    "textAlign": "center",
    "textAlignVertical": "center",
    "width": 30,
  },
  "googleLoginButton": {
    "alignItems": "center",
    "backgroundColor": "#862532",
    "borderRadius": 12,
    "elevation": 5,
    "flexDirection": "row",
    "paddingHorizontal": 20,
    "paddingVertical": 14,
    "shadowColor": "#000",
    "shadowOffset": {
      "height": 2,
      "width": 0,
    },
    "shadowOpacity": 0.2,
    "shadowRadius": 4,
  },
  "googleLoginContent": {
    "alignItems": "center",
    "flexDirection": "row",
    "justifyContent": "center",
    "width": "100%",
  },
  "googleLoginText": {
    "color": "#FFFFFF",
    "fontSize": 16,
    "fontWeight": "bold",
  },
  "guestContainer": {
    "alignItems": "center",
    "backgroundColor": "#F5F5F5",
    "flex": 1,
    "justifyContent": "center",
  },
  "header": {
    "flexDirection": "row",
    "justifyContent": "space-between",
    "marginTop": "10%",
    "padding": 16,
  },
  "headerText": {
    "color": "#000000",
    "fontSize": 24,
    "fontWeight": "bold",
  },
  "loadingContainer": {
    "alignItems": "center",
    "backgroundColor": "#FFFFFF",
    "flex": 1,
    "justifyContent": "center",
  },
  "modalCancel": {
    "alignItems": "center",
    "backgroundColor": "#842534",
    "borderBottomLeftRadius": 14,
    "borderBottomRightRadius": 14,
    "justifyContent": "center",
    "paddingVertical": 14,
    "width": "100%",
  },
  "modalCancelText": {
    "color": "#FFFFFF",
    "fontSize": 16,
    "fontWeight": "bold",
  },
  "modalDropdown": {
    "alignItems": "center",
    "backgroundColor": "#f5f5f5",
    "borderRadius": 14,
    "elevation": 8,
    "overflow": "hidden",
    "paddingTop": 12,
    "shadowColor": "#000",
    "shadowOffset": {
      "height": 2,
      "width": 0,
    },
    "shadowOpacity": 0.3,
    "shadowRadius": 6,
    "width": "90%",
  },
  "modalItem": {
    "alignItems": "center",
    "borderBottomColor": "#a1a1a1",
    "borderBottomWidth": 1,
    "paddingVertical": 14,
    "width": "100%",
  },
  "modalItemText": {
    "color": "#151114",
    "fontSize": 17,
    "fontWeight": "500",
  },
  "modalLastItem": {
    "borderBottomWidth": 0,
  },
  "modalOverlay": {
    "alignItems": "center",
    "backgroundColor": "rgba(0, 0, 0, 0.6)",
    "flex": 1,
    "justifyContent": "center",
  },
  "modalTitle": {
    "color": "#151114",
    "fontSize": 18,
    "fontWeight": "bold",
    "marginBottom": 10,
  },
  "nextClassButton": {
    "alignItems": "center",
    "backgroundColor": "#862532",
    "borderRadius": 10,
    "marginTop": 10,
    "padding": 10,
  },
  "nextClassButtonText": {
    "color": "#FFFFFF",
    "fontWeight": "bold",
  },
  "noEventsText": {
    "color": "#555",
    "fontSize": 16,
    "marginTop": 20,
    "textAlign": "center",
  },
  "screen": {
    "backgroundColor": "#FFFFFF",
    "flex": 1,
  },
  "selectedCalendarButton": {
    "backgroundColor": "#862532",
  },
  "selectedCalendarButtonText": {
    "color": "#FFFFFF",
  },
}
`;